// Jest Snapshot v1, https://goo.gl/fbAQLP

exports[`ホームページ 1`] = `
<div>
  <div
    class="css-zf0iqh"
  >
    <header
      class="css-1s9oiue"
    >
      <h1
        class="css-12tyltg"
      >
        adachi
      </h1>
    </header>
    <main
      class="css-1ylu0bo"
    >
      <div
        class="css-dzuvdf"
      >
        <div
          class="css-t29p9g"
        >
          <div
            class="chakra-stack css-1h3x59n"
          >
            <div
              style="display: inline-block; max-width: 100%; overflow: hidden; position: relative; box-sizing: border-box; margin: 0px;"
            >
              <div
                style="box-sizing: border-box; display: block; max-width: 100%;"
              >
                <img
                  alt=""
                  aria-hidden="true"
                  role="presentation"
                  src="data:image/svg+xml;base64,PHN2ZyB3aWR0aD0iOTAiIGhlaWdodD0iOTAiIHhtbG5zPSJodHRwOi8vd3d3LnczLm9yZy8yMDAwL3N2ZyIgdmVyc2lvbj0iMS4xIi8+"
                  style="max-width: 100%; display: block; margin: 0px; padding: 0px;"
                />
              </div>
              <noscript />
              <img
                alt="プロフィール画像"
                class="css-14v6leu"
                decoding="async"
                src="data:image/gif;base64,R0lGODlhAQABAIAAAAAAAP///yH5BAEAAAAALAAAAAABAAEAAAIBRAA7"
                style="position: absolute; top: 0px; left: 0px; bottom: 0px; right: 0px; box-sizing: border-box; padding: 0px; margin: auto; display: block; width: 0px; height: 0px; min-width: 100%; max-width: 100%; min-height: 100%; max-height: 100%;"
              />
            </div>
            <h2
              class="css-13h7zp6"
            >
              Yutaro Adachi
            </h2>
            <p
              class="css-0"
            >
              Web Engineer
            </p>
            <div
              class="chakra-stack css-1ocidfa"
            >
              <a
                class="chakra-link css-15wxsjd"
                href="https://github.com/yutaroadachi"
                rel="noopener noreferrer"
                target="_blank"
              >
                <svg
                  class="chakra-icon css-blpcuq"
                  focusable="false"
                  viewBox="0 0 24 24"
                >
                  <path
                    d="M12 .297c-6.63 0-12 5.373-12 12 0 5.303 3.438 9.8 8.205 11.385.6.113.82-.258.82-.577 0-.285-.01-1.04-.015-2.04-3.338.724-4.042-1.61-4.042-1.61C4.422 18.07 3.633 17.7 3.633 17.7c-1.087-.744.084-.729.084-.729 1.205.084 1.838 1.236 1.838 1.236 1.07 1.835 2.809 1.305 3.495.998.108-.776.417-1.305.76-1.605-2.665-.3-5.466-1.332-5.466-5.93 0-1.31.465-2.38 1.235-3.22-.135-.303-.54-1.523.105-3.176 0 0 1.005-.322 3.3 1.23.96-.267 1.98-.399 3-.405 1.02.006 2.04.138 3 .405 2.28-1.552 3.285-1.23 3.285-1.23.645 1.653.24 2.873.12 3.176.765.84 1.23 1.91 1.23 3.22 0 4.61-2.805 5.625-5.475 5.92.42.36.81 1.096.81 2.22 0 1.606-.015 2.896-.015 3.286 0 .315.21.69.825.57C20.565 22.092 24 17.592 24 12.297c0-6.627-5.373-12-12-12"
                    fill="#fff"
                  />
                </svg>
              </a>
              <a
                class="chakra-link css-15wxsjd"
                href="https://zenn.dev/a_da_chi"
                rel="noopener noreferrer"
                target="_blank"
              >
                <svg
                  class="chakra-icon css-blpcuq"
                  focusable="false"
                  viewBox="0 0 24 24"
                >
                  <path
                    d="M.264 23.771h4.984c.264 0 .498-.147.645-.352L19.614.874c.176-.293-.029-.645-.381-.645h-4.72c-.235 0-.44.117-.557.323L.03 23.361c-.088.176.029.41.234.41zM17.445 23.419l6.479-10.408c.205-.323-.029-.733-.41-.733h-4.691c-.176 0-.352.088-.44.235l-6.655 10.643c-.176.264.029.616.352.616h4.779c.234-.001.468-.118.586-.353z"
                    fill="#3ea8ff"
                  />
                </svg>
              </a>
              <a
                class="chakra-link css-15wxsjd"
                href="https://twitter.com/a_da_chi_"
                rel="noopener noreferrer"
                target="_blank"
              >
                <svg
                  class="chakra-icon css-blpcuq"
                  focusable="false"
                  viewBox="0 0 24 24"
                >
                  <path
                    d="M23.953 4.57a10 10 0 01-2.825.775 4.958 4.958 0 002.163-2.723c-.951.555-2.005.959-3.127 1.184a4.92 4.92 0 00-8.384 4.482C7.69 8.095 4.067 6.13 1.64 3.162a4.822 4.822 0 00-.666 2.475c0 1.71.87 3.213 2.188 4.096a4.904 4.904 0 01-2.228-.616v.06a4.923 4.923 0 003.946 4.827 4.996 4.996 0 01-2.212.085 4.936 4.936 0 004.604 3.417 9.867 9.867 0 01-6.102 2.105c-.39 0-.779-.023-1.17-.067a13.995 13.995 0 007.557 2.209c9.053 0 13.998-7.496 13.998-13.985 0-.21 0-.42-.015-.63A9.935 9.935 0 0024 4.59z"
                    fill="#1da1f2"
                  />
                </svg>
              </a>
            </div>
          </div>
          <div
            class="chakra-stack css-omfut9"
          >
            <h2
              class="css-13h7zp6"
            >
              Skills
            </h2>
            <ul
              class="css-tu0njr"
              role="list"
            >
              <li
                class="css-0"
              >
                TypeScript
              </li>
              <li
                class="css-0"
              >
                React
              </li>
              <li
                class="css-0"
              >
                Next.js
              </li>
              <li
                class="css-0"
              >
                Chakra UI
              </li>
              <li
                class="css-0"
              >
                Ruby on Rails
              </li>
              <li
                class="css-0"
              >
                Go
              </li>
            </ul>
          </div>
          <div
            class="chakra-stack css-omfut9"
          >
            <h2
              class="css-13h7zp6"
            >
              Recent Posts
            </h2>
            <div
              class="css-y5kmmo"
            >
              <a
                class="chakra-link css-tvvcsl"
                href="テスト0"
                rel="noopener noreferrer"
                target="_blank"
              >
                <div
                  class="chakra-stack css-1aw77m4"
                >
                  <svg
                    class="chakra-icon css-68klb0"
                    focusable="false"
                    viewBox="0 0 24 24"
                  >
                    <path
                      d="M.264 23.771h4.984c.264 0 .498-.147.645-.352L19.614.874c.176-.293-.029-.645-.381-.645h-4.72c-.235 0-.44.117-.557.323L.03 23.361c-.088.176.029.41.234.41zM17.445 23.419l6.479-10.408c.205-.323-.029-.733-.41-.733h-4.691c-.176 0-.352.088-.44.235l-6.655 10.643c-.176.264.029.616.352.616h4.779c.234-.001.468-.118.586-.353z"
                      fill="#3ea8ff"
                    />
                  </svg>
                  <div
                    class="css-0"
                  >
                    <p
                      class="css-722v25"
                    >
                      テスト0
                    </p>
                    <p
                      class="css-1bp7v6u"
                    >
                      Published at NaN/NaN/NaN
                    </p>
                  </div>
                </div>
              </a>
              <a
                class="chakra-link css-tvvcsl"
                href="テスト1"
                rel="noopener noreferrer"
                target="_blank"
              >
                <div
                  class="chakra-stack css-1aw77m4"
                >
                  <svg
                    class="chakra-icon css-68klb0"
                    focusable="false"
                    viewBox="0 0 24 24"
                  >
                    <path
                      d="M.264 23.771h4.984c.264 0 .498-.147.645-.352L19.614.874c.176-.293-.029-.645-.381-.645h-4.72c-.235 0-.44.117-.557.323L.03 23.361c-.088.176.029.41.234.41zM17.445 23.419l6.479-10.408c.205-.323-.029-.733-.41-.733h-4.691c-.176 0-.352.088-.44.235l-6.655 10.643c-.176.264.029.616.352.616h4.779c.234-.001.468-.118.586-.353z"
                      fill="#3ea8ff"
                    />
                  </svg>
                  <div
                    class="css-0"
                  >
                    <p
                      class="css-722v25"
                    >
                      テスト1
                    </p>
                    <p
                      class="css-1bp7v6u"
                    >
                      Published at NaN/NaN/NaN
                    </p>
                  </div>
                </div>
              </a>
            </div>
            <a
              class="chakra-button css-1bweuom"
              href="https://zenn.dev/a_da_chi"
              rel="noopener noreferrer"
              target="_blank"
            >
              Zennでもっと読む
              <span
                class="chakra-button__icon css-1hzyiq5"
              >
                <svg
                  aria-hidden="true"
                  class="chakra-icon css-onkibi"
                  focusable="false"
                  viewBox="0 0 24 24"
                >
                  <g
                    fill="none"
                    stroke="currentColor"
                    stroke-linecap="round"
                    stroke-width="2"
                  >
                    <path
                      d="M18 13v6a2 2 0 0 1-2 2H5a2 2 0 0 1-2-2V8a2 2 0 0 1 2-2h6"
                    />
                    <path
                      d="M15 3h6v6"
                    />
                    <path
                      d="M10 14L21 3"
                    />
                  </g>
                </svg>
              </span>
            </a>
          </div>
          <div
            class="chakra-stack css-omfut9"
          >
            <h2
              class="css-13h7zp6"
            >
              Jobs
            </h2>
            <div
              class="chakra-stack css-mrpnl4"
            >
              <div
                class="css-4yvaac"
              >
                <div
                  class="css-1idbxg5"
                />
              </div>
              <div
                class="css-0"
              >
                <a
                  class="chakra-link css-4tcc3o"
                  href="https://onemile.co.jp/"
                  rel="noopener noreferrer"
                  target="_blank"
                >
                  株式会社OneMile Partners
                </a>
                <p
                  class="css-1bp7v6u"
                >
                  2020/9 ~ current
                </p>
                <p
                  class="css-dw5ttn"
                >
                  「はたらく世代」のお客様向けに、資産運用のサポートを提供する会社にて、業務支援のための管理画面やお客様向けサービスサイトの開発に従事。TypeScript, Next.js, Ruby on Railsをメインにフロントエンドからバックエンドまで幅広く経験。また、スクラム開発によるチーム開発も経験。
                </p>
              </div>
            </div>
            <div
              class="chakra-stack css-mrpnl4"
            >
              <div
                class="css-4yvaac"
              >
                <div
                  class="css-1hz1c6l"
                />
              </div>
              <div
                class="css-0"
              >
                <a
                  class="chakra-link css-4tcc3o"
                  href="https://msetsu.com/"
                  rel="noopener noreferrer"
                  target="_blank"
                >
                  株式会社みんせつ
                </a>
                <p
                  class="css-1bp7v6u"
                >
                  2019/8 ~ 2020/8
                </p>
                <p
                  class="css-dw5ttn"
                >
                  上場企業のIR部門と機関投資家、証券会社をつなぐプラットフォームを提供する会社にて、メインプロダクトのSaaSの企画・開発に従事。React, Ruby on Railsをメインにフロントエンドからバックエンドまで幅広く経験。
                </p>
              </div>
            </div>
            <div
              class="chakra-stack css-mrpnl4"
            >
              <div
                class="css-4yvaac"
              >
                <div
                  class="css-1hz1c6l"
                />
              </div>
              <div
                class="css-0"
              >
                <a
                  class="chakra-link css-4tcc3o"
                  href="https://www.nttcom.co.jp/"
                  rel="noopener noreferrer"
                  target="_blank"
                >
                  NTTコムウェア株式会社
                </a>
                <p
                  class="css-1bp7v6u"
                >
                  2018/4 ~ 2019/7
                </p>
                <p
                  class="css-dw5ttn"
                >
                  システムインテクグレータの会社にて、某金融機関に常駐して社内稟議などのペーパーレス化システムの保守に従事。保守チーム（5名程度）のリーダーとして顧客折衝やマネジメント、資料作成を経験。また開発面では、テスト設計やリリース作業を自動化するbashスクリプトの製造を経験。
                </p>
              </div>
            </div>
          </div>
          <div
            class="chakra-stack css-omfut9"
          >
            <h2
              class="css-13h7zp6"
            >
              Contact
            </h2>
            <p
              class="css-0"
            >
              お問い合わせフォームは
              <a
                class="chakra-link css-ndzhct"
                href="https://docs.google.com/forms/d/e/1FAIpQLSdSMQFzMIm2oWZ9fk_r1RGIUl_gaf3r6ouHVK_Ysn2FERGxVA/viewform?usp=sf_link"
                rel="noopener noreferrer"
                target="_blank"
              >
                こちら
              </a>
            </p>
          </div>
        </div>
        <a
          class="chakra-button css-bkwvq2"
          href="https://docs.google.com/forms/d/e/1FAIpQLSdSMQFzMIm2oWZ9fk_r1RGIUl_gaf3r6ouHVK_Ysn2FERGxVA/viewform?usp=sf_link"
          rel="noopener noreferrer"
          target="_blank"
        >
          Contact
          <span
            class="chakra-button__icon css-1hzyiq5"
          >
            <svg
              aria-hidden="true"
              class="chakra-icon css-onkibi"
              focusable="false"
              viewBox="0 0 24 24"
            >
              <g
                fill="currentColor"
              >
                <path
                  d="M11.114,14.556a1.252,1.252,0,0,0,1.768,0L22.568,4.87a.5.5,0,0,0-.281-.849A1.966,1.966,0,0,0,22,4H2a1.966,1.966,0,0,0-.289.021.5.5,0,0,0-.281.849Z"
                />
                <path
                  d="M23.888,5.832a.182.182,0,0,0-.2.039l-6.2,6.2a.251.251,0,0,0,0,.354l5.043,5.043a.75.75,0,1,1-1.06,1.061l-5.043-5.043a.25.25,0,0,0-.354,0l-2.129,2.129a2.75,2.75,0,0,1-3.888,0L7.926,13.488a.251.251,0,0,0-.354,0L2.529,18.531a.75.75,0,0,1-1.06-1.061l5.043-5.043a.251.251,0,0,0,0-.354l-6.2-6.2a.18.18,0,0,0-.2-.039A.182.182,0,0,0,0,6V18a2,2,0,0,0,2,2H22a2,2,0,0,0,2-2V6A.181.181,0,0,0,23.888,5.832Z"
                />
              </g>
            </svg>
          </span>
        </a>
      </div>
    </main>
    <footer
      class="css-evb4b5"
    >
      <p
        class="css-0"
      >
        Copyright© adachi All Rights Reserved.
      </p>
    </footer>
  </div>
</div>
`;
