// Jest Snapshot v1, https://goo.gl/fbAQLP

exports[`SecretResume 1`] = `
<div>
  <div
    class="css-0"
  >
    <h1
      class="css-15mzpqr"
      id="secret-resume"
    >
      職務経歴書
    </h1>
    <div
      class="chakra-stack css-aajx3r"
    >
      <div
        class="css-0"
      >
        準備中
      </div>
    </div>
  </div>
</div>
`;
